http://www.eryajf.net/3367.html
https://www.serverlab.ca/tutorials/linux/web-servers-linux/how-to-mirror-your-traffic-with-nginx/
[Module ngx_http_mirror_module](http://nginx.org/en/docs/http/ngx_http_mirror_module.html)

https://www.digitalocean.com/community/tutorials/how-to-use-journalctl-to-view-and-manipulate-systemd-logs

vagrant@ubuntu-bionic:/etc/nginx$ /usr/sbin/nginx -V
nginx version: nginx/1.14.0 (Ubuntu)
built with OpenSSL 1.1.1  11 Sep 2018
TLS SNI support enabled
configure arguments: --with-cc-opt='-g -O2 -fdebug-prefix-map=/build/nginx-DUghaW/nginx-1.14.0=. -fstack-protector-strong -Wformat -Werror=format-security -fPIC -Wdate-time -D_FORTIFY_SOURCE=2' --with-ld-opt='-Wl,-Bsymbolic-functions -Wl,-z,relro -Wl,-z,now -fPIC' --prefix=/usr/share/nginx --conf-path=/etc/nginx/nginx.conf --http-log-path=/var/log/nginx/access.log --error-log-path=/var/log/nginx/error.log --lock-path=/var/lock/nginx.lock --pid-path=/run/nginx.pid --modules-path=/usr/lib/nginx/modules --http-client-body-temp-path=/var/lib/nginx/body --http-fastcgi-temp-path=/var/lib/nginx/fastcgi --http-proxy-temp-path=/var/lib/nginx/proxy --http-scgi-temp-path=/var/lib/nginx/scgi --http-uwsgi-temp-path=/var/lib/nginx/uwsgi --with-debug --with-pcre-jit --with-http_ssl_module --with-http_stub_status_module --with-http_realip_module --with-http_auth_request_module --with-http_v2_module --with-http_dav_module --with-http_slice_module --with-threads --with-http_addition_module --with-http_geoip_module=dynamic --with-http_gunzip_module --with-http_gzip_static_module --with-http_image_filter_module=dynamic --with-http_sub_module --with-http_xslt_module=dynamic --with-stream=dynamic --with-stream_ssl_module --with-mail=dynamic --with-mail_ssl_module

vagrant@ubuntu-bionic:/etc/nginx$ sudo cp nginx.conf nginx.conf.bak

vagrant@ubuntu-bionic:/etc/nginx$ sudo mkdir -p /var/www/html/test /var/www/html/mir1 /var/www/html/mir2

vagrant@ubuntu-bionic:/etc/nginx$ echo test | sudo tee /var/www/html/test/index.html 
test
vagrant@ubuntu-bionic:/etc/nginx$ echo mir1 | sudo tee /var/www/html/mir1/index.html 
mir1
vagrant@ubuntu-bionic:/etc/nginx$ echo mir2 | sudo tee /var/www/html/mir2/index.html 
mir2

vagrant@ubuntu-bionic:/etc/nginx$ sudo vi nginx.conf

vagrant@ubuntu-bionic:/etc/nginx$ sudo systemctl reload nginx.service 

vagrant@ubuntu-bionic:/etc/nginx$ sudo netstat -tpnl
Active Internet connections (only servers)
Proto Recv-Q Send-Q Local Address           Foreign Address         State       PID/Program name    
tcp        0      0 127.0.0.1:46469         0.0.0.0:*               LISTEN      1124/containerd     
tcp        0      0 127.0.0.1:6379          0.0.0.0:*               LISTEN      1118/redis-server 1 
tcp        0      0 0.0.0.0:80              0.0.0.0:*               LISTEN      4394/nginx: master  
tcp        0      0 0.0.0.0:8181            0.0.0.0:*               LISTEN      4394/nginx: master  
tcp        0      0 127.0.0.53:53           0.0.0.0:*               LISTEN      10830/systemd-resol 
tcp        0      0 0.0.0.0:22              0.0.0.0:*               LISTEN      1131/sshd           
tcp        0      0 0.0.0.0:8282            0.0.0.0:*               LISTEN      4394/nginx: master  
tcp        0      0 0.0.0.0:8383            0.0.0.0:*               LISTEN      4394/nginx: master  
tcp6       0      0 ::1:6379                :::*                    LISTEN      1118/redis-server 1 
tcp6       0      0 :::22                   :::*                    LISTEN      1131/sshd           


vagrant@ubuntu-bionic:/etc/nginx$ sudo journalctl -u nginx.service
-- Logs begin at Wed 2018-11-14 11:34:23 UTC, end at Thu 2019-12-12 08:37:00 UTC. --
Dec 12 06:15:52 ubuntu-bionic systemd[1]: Starting A high performance web server and a reverse proxy server...
Dec 12 06:15:52 ubuntu-bionic systemd[1]: nginx.service: Failed to parse PID from file /run/nginx.pid: Invalid argument
Dec 12 06:15:52 ubuntu-bionic systemd[1]: Started A high performance web server and a reverse proxy server.
Dec 12 07:36:41 ubuntu-bionic systemd[1]: Reloading A high performance web server and a reverse proxy server.
Dec 12 07:36:41 ubuntu-bionic systemd[1]: Reloaded A high performance web server and a reverse proxy server.


vagrant@ubuntu-bionic:/etc/nginx$ sudo systemctl status nginx.service
● nginx.service - A high performance web server and a reverse proxy server
   Loaded: loaded (/lib/systemd/system/nginx.service; enabled; vendor preset: enabled)
   Active: active (running) (Result: exit-code) since Thu 2019-12-12 06:15:52 UTC; 2h 22min ago
     Docs: man:nginx(8)
  Process: 11267 ExecReload=/usr/sbin/nginx -g daemon on; master_process on; -s reload (code=exited, status=0/SUCCESS)
  Process: 4390 ExecStart=/usr/sbin/nginx -g daemon on; master_process on; (code=exited, status=0/SUCCESS)
  Process: 4383 ExecStartPre=/usr/sbin/nginx -t -q -g daemon on; master_process on; (code=exited, status=0/SUCCESS)
 Main PID: 4394 (nginx)
    Tasks: 2 (limit: 2361)
   CGroup: /system.slice/nginx.service
           ├─ 4394 nginx: master process /usr/sbin/nginx -g daemon on; master_process on;
           └─11268 nginx: worker process

Dec 12 06:15:52 ubuntu-bionic systemd[1]: nginx.service: Failed to parse PID from file /run/nginx.pid: Invalid argument
Dec 12 06:15:52 ubuntu-bionic systemd[1]: Started A high performance web server and a reverse proxy server.
Dec 12 07:36:41 ubuntu-bionic systemd[1]: Reloading A high performance web server and a reverse proxy server.
Dec 12 07:36:41 ubuntu-bionic systemd[1]: Reloaded A high performance web server and a reverse proxy server.
Dec 12 08:37:17 ubuntu-bionic systemd[1]: Reloading A high performance web server and a reverse proxy server.
Dec 12 08:37:17 ubuntu-bionic nginx[11258]: nginx: [emerg] unexpected "}" in /etc/nginx/nginx.conf:99
Dec 12 08:37:17 ubuntu-bionic systemd[1]: nginx.service: Control process exited, code=exited status=1
Dec 12 08:37:17 ubuntu-bionic systemd[1]: Reload failed for A high performance web server and a reverse proxy server.
Dec 12 08:38:19 ubuntu-bionic systemd[1]: Reloading A high performance web server and a reverse proxy server.
Dec 12 08:38:19 ubuntu-bionic systemd[1]: Reloaded A high performance web server and a reverse proxy server.


vagrant@ubuntu-bionic:/etc/nginx$ curl 127.0.0.1
test

vagrant@ubuntu-bionic:/etc/nginx$ curl 127.0.0.1/index.html
test

vagrant@ubuntu-bionic:/etc/nginx$ sudo tail /var/log/nginx/test.log 
127.0.0.1 - - [12/Dec/2019:07:40:46 +0000] "GET /index.html HTTP/1.0" 404 178 "-" "curl/7.58.0"
127.0.0.1 - - [12/Dec/2019:07:48:40 +0000] "GET /mir2 HTTP/1.0" 404 178 "-" "curl/7.58.0"
127.0.0.1 - - [12/Dec/2019:08:38:32 +0000] "GET / HTTP/1.0" 200 5 "-" "curl/7.58.0"
127.0.0.1 - - [12/Dec/2019:08:38:39 +0000] "GET /index.html HTTP/1.0" 200 5 "-" "curl/7.58.0"
127.0.0.1 - - [12/Dec/2019:08:38:47 +0000] "GET /test/index.html HTTP/1.0" 404 178 "-" "curl/7.58.0"
127.0.0.1 - - [12/Dec/2019:08:38:54 +0000] "GET /test HTTP/1.0" 404 178 "-" "curl/7.58.0"
127.0.0.1 - - [12/Dec/2019:08:38:58 +0000] "GET /mir1 HTTP/1.0" 404 178 "-" "curl/7.58.0"
127.0.0.1 - - [12/Dec/2019:08:39:00 +0000] "GET /mir2 HTTP/1.0" 404 178 "-" "curl/7.58.0"
127.0.0.1 - - [12/Dec/2019:08:39:04 +0000] "GET /indexhtml HTTP/1.0" 404 178 "-" "curl/7.58.0"
127.0.0.1 - - [12/Dec/2019:08:39:08 +0000] "GET /index.html HTTP/1.0" 200 5 "-" "curl/7.58.0"

vagrant@ubuntu-bionic:/etc/nginx$ sudo tail /var/log/nginx/mir1.log 
127.0.0.1 - - [12/Dec/2019:07:40:46 +0000] "GET /index.html HTTP/1.0" 404 178 "-" "curl/7.58.0"
127.0.0.1 - - [12/Dec/2019:07:48:40 +0000] "GET /mir2 HTTP/1.0" 404 178 "-" "curl/7.58.0"
127.0.0.1 - - [12/Dec/2019:08:38:32 +0000] "GET / HTTP/1.0" 200 5 "-" "curl/7.58.0"
127.0.0.1 - - [12/Dec/2019:08:38:39 +0000] "GET /index.html HTTP/1.0" 200 5 "-" "curl/7.58.0"
127.0.0.1 - - [12/Dec/2019:08:38:47 +0000] "GET /test/index.html HTTP/1.0" 404 178 "-" "curl/7.58.0"
127.0.0.1 - - [12/Dec/2019:08:38:54 +0000] "GET /test HTTP/1.0" 404 178 "-" "curl/7.58.0"
127.0.0.1 - - [12/Dec/2019:08:38:58 +0000] "GET /mir1 HTTP/1.0" 404 178 "-" "curl/7.58.0"
127.0.0.1 - - [12/Dec/2019:08:39:00 +0000] "GET /mir2 HTTP/1.0" 404 178 "-" "curl/7.58.0"
127.0.0.1 - - [12/Dec/2019:08:39:04 +0000] "GET /indexhtml HTTP/1.0" 404 178 "-" "curl/7.58.0"
127.0.0.1 - - [12/Dec/2019:08:39:08 +0000] "GET /index.html HTTP/1.0" 200 5 "-" "curl/7.58.0"

vagrant@ubuntu-bionic:/etc/nginx$ sudo tail /var/log/nginx/mir2.log 
127.0.0.1 - - [12/Dec/2019:07:48:40 +0000] "GET /mir2 HTTP/1.0" 404 178 "-" "curl/7.58.0"
127.0.0.1 - - [12/Dec/2019:08:38:32 +0000] "GET / HTTP/1.0" 200 5 "-" "curl/7.58.0"
127.0.0.1 - - [12/Dec/2019:08:38:39 +0000] "GET /index.html HTTP/1.0" 200 5 "-" "curl/7.58.0"
127.0.0.1 - - [12/Dec/2019:08:38:47 +0000] "GET /test/index.html HTTP/1.0" 404 178 "-" "curl/7.58.0"
127.0.0.1 - - [12/Dec/2019:08:38:54 +0000] "GET /test HTTP/1.0" 404 178 "-" "curl/7.58.0"
127.0.0.1 - - [12/Dec/2019:08:38:58 +0000] "GET /mir1 HTTP/1.0" 404 178 "-" "curl/7.58.0"
127.0.0.1 - - [12/Dec/2019:08:39:00 +0000] "GET /mir2 HTTP/1.0" 404 178 "-" "curl/7.58.0"
127.0.0.1 - - [12/Dec/2019:08:39:04 +0000] "GET /indexhtml HTTP/1.0" 404 178 "-" "curl/7.58.0"
127.0.0.1 - - [12/Dec/2019:08:39:08 +0000] "GET /index.html HTTP/1.0" 200 5 "-" "curl/7.58.0"
127.0.0.1 - - [12/Dec/2019:08:40:42 +0000] "GET / HTTP/1.0" 200 5 "-" "curl/7.58.0"


